// Jest Snapshot v1, https://goo.gl/fbAQLP

exports[`Atom - EvaluationRange Should render 1`] = `
<div
  className="EvaluationRange"
>
  <div
    className="EvaluationRange-evaluation"
    key="1"
  >
    <input
      checked={false}
      id="evaluation-1"
      name="evaluation"
      onChange={[Function]}
      type="radio"
      value={1}
    />
    <label
      htmlFor="evaluation-1"
    >
      1
    </label>
  </div>
  <div
    className="EvaluationRange-evaluation"
    key="2"
  >
    <input
      checked={false}
      id="evaluation-2"
      name="evaluation"
      onChange={[Function]}
      type="radio"
      value={2}
    />
    <label
      htmlFor="evaluation-2"
    >
      2
    </label>
  </div>
  <div
    className="EvaluationRange-evaluation"
    key="3"
  >
    <input
      checked={false}
      id="evaluation-3"
      name="evaluation"
      onChange={[Function]}
      type="radio"
      value={3}
    />
    <label
      htmlFor="evaluation-3"
    >
      3
    </label>
  </div>
  <div
    className="EvaluationRange-evaluation"
    key="4"
  >
    <input
      checked={false}
      id="evaluation-4"
      name="evaluation"
      onChange={[Function]}
      type="radio"
      value={4}
    />
    <label
      htmlFor="evaluation-4"
    >
      4
    </label>
  </div>
  <div
    className="EvaluationRange-evaluation"
    key="5"
  >
    <input
      checked={false}
      id="evaluation-5"
      name="evaluation"
      onChange={[Function]}
      type="radio"
      value={5}
    />
    <label
      htmlFor="evaluation-5"
    >
      5
    </label>
  </div>
</div>
`;

exports[`Atom - EvaluationRange Should render with value 1`] = `
<div
  className="EvaluationRange"
>
  <div
    className="EvaluationRange-evaluation"
    key="1"
  >
    <input
      checked={false}
      id="evaluation-1"
      name="evaluation"
      onChange={[Function]}
      type="radio"
      value={1}
    />
    <label
      htmlFor="evaluation-1"
    >
      1
    </label>
  </div>
  <div
    className="EvaluationRange-evaluation"
    key="2"
  >
    <input
      checked={false}
      id="evaluation-2"
      name="evaluation"
      onChange={[Function]}
      type="radio"
      value={2}
    />
    <label
      htmlFor="evaluation-2"
    >
      2
    </label>
  </div>
  <div
    className="EvaluationRange-evaluation"
    key="3"
  >
    <input
      checked={false}
      id="evaluation-3"
      name="evaluation"
      onChange={[Function]}
      type="radio"
      value={3}
    />
    <label
      htmlFor="evaluation-3"
    >
      3
    </label>
  </div>
  <div
    className="EvaluationRange-evaluation"
    key="4"
  >
    <input
      checked={false}
      id="evaluation-4"
      name="evaluation"
      onChange={[Function]}
      type="radio"
      value={4}
    />
    <label
      htmlFor="evaluation-4"
    >
      4
    </label>
  </div>
  <div
    className="EvaluationRange-evaluation"
    key="5"
  >
    <input
      checked={false}
      id="evaluation-5"
      name="evaluation"
      onChange={[Function]}
      type="radio"
      value={5}
    />
    <label
      htmlFor="evaluation-5"
    >
      5
    </label>
  </div>
</div>
`;
