// Jest Snapshot v1, https://goo.gl/fbAQLP

exports[`Atom - UploadingProgressRing Should render 1`] = `
<div
  className="UploadingProgressRing"
  style={
    Object {
      "height": 100,
      "width": 100,
    }
  }
>
  <svg
    height={100}
    width={100}
  >
    <circle
      cx={50}
      cy={50}
      fill="transparent"
      r={44}
      stroke="currentColor"
      strokeDasharray="276.46015351590177 276.46015351590177"
      strokeWidth={3}
      style={
        Object {
          "strokeDashoffset": 273.6955519807427,
        }
      }
    />
  </svg>
</div>
`;
