// Jest Snapshot v1, https://goo.gl/fbAQLP

exports[`Molecule - ScenarioSection Should render 1`] = `
<div
  className="ScenarioSection"
>
  <div
    className="ScenarioSection-header"
  >
    Header
     
    (5)
  </div>
  <div
    className="ScenarioSection-wrapperContent"
  >
    <div
      className="ScenarioSection-content"
    >
      Section content
    </div>
  </div>
</div>
`;
