// Jest Snapshot v1, https://goo.gl/fbAQLP

exports[`Molecule - SearchSelect Should render 1`] = `
<div
  className="SearchSelect undefined"
>
  <AddItem
    maxLength={128}
    onChange={[Function]}
    onFocus={[Function]}
    onKeyDown={[Function]}
    placeholder="Placeholder"
    value=""
  />
</div>
`;
