// Jest Snapshot v1, https://goo.gl/fbAQLP

exports[`Molecule - GroupPeopleItem Should render GroupPeopleItem component 1`] = `
<div
  className="GroupPeopleItem"
>
  <CheckboxField
    contentPosition="end"
    onInputChange={[Function]}
  >
    <div
      className="GroupPeopleItem-left-content"
    >
      <div
        className="GroupPeopleItem-header"
      >
        Techmagic team
      </div>
      <AvatarGroup
        avatars={
          Array [
            Object {
              "avatarColor": "#87d4ee",
              "firstName": "Clayton",
              "img": "https://encrypted-tbn0.gstatic.com/images?q=tbn:ANd9GcQBlUvtjoDyRYSmS6hoSVke1HcE-3ZeLGHLR7RnTIBp3jAYv39B",
              "lastName": "Gross",
            },
            Object {
              "avatarColor": "#87d4ee",
              "firstName": "Clayton",
              "img": "https://encrypted-tbn0.gstatic.com/images?q=tbn:ANd9GcQBlUvtjoDyRYSmS6hoSVke1HcE-3ZeLGHLR7RnTIBp3jAYv39B",
              "lastName": "Gross",
            },
            Object {
              "avatarColor": "#87d4ee",
              "firstName": "Clayton",
              "img": "https://encrypted-tbn0.gstatic.com/images?q=tbn:ANd9GcQBlUvtjoDyRYSmS6hoSVke1HcE-3ZeLGHLR7RnTIBp3jAYv39B",
              "lastName": "Gross",
            },
            Object {
              "avatarColor": "#87d4ee",
              "firstName": "Clayton",
              "img": "https://encrypted-tbn0.gstatic.com/images?q=tbn:ANd9GcQBlUvtjoDyRYSmS6hoSVke1HcE-3ZeLGHLR7RnTIBp3jAYv39B",
              "lastName": "Gross",
            },
            Object {
              "avatarColor": "#87d4ee",
              "firstName": "Clayton",
              "img": "https://encrypted-tbn0.gstatic.com/images?q=tbn:ANd9GcQBlUvtjoDyRYSmS6hoSVke1HcE-3ZeLGHLR7RnTIBp3jAYv39B",
              "lastName": "Gross",
            },
            Object {
              "avatarColor": "#87d4ee",
              "firstName": "Clayton",
              "img": "https://encrypted-tbn0.gstatic.com/images?q=tbn:ANd9GcQBlUvtjoDyRYSmS6hoSVke1HcE-3ZeLGHLR7RnTIBp3jAYv39B",
              "lastName": "Gross",
            },
          ]
        }
      />
    </div>
    <div
      className="GroupPeopleItem-right-content"
    >
      <Counter
        className="GroupPeopleItem-counter"
      >
        4
      </Counter>
    </div>
  </CheckboxField>
</div>
`;
